src/components/dashboard/ProyectosDashboard.tsx(2,18): error TS6133: 'Clock' is declared but its value is never read.
src/components/dashboard/ProyectosDashboard.tsx(2,50): error TS6133: 'Play' is declared but its value is never read.
src/components/dashboard/VidaDashboard.tsx(4,18): error TS6133: 'AnimatePresence' is declared but its value is never read.
